---
source: tests/snapshots/history_diff_output.rs
expression: "normalize_history_output(&output.stdout, &workspace)"
---
Diffing current issues.jsonl vs issues.v0.1.0.20260401_000000_000000.jsonl...
--- $WORKSPACE/.beads/issues.jsonl
+++ $WORKSPACE/.beads/.br_history/issues.v0.1.0.20260401_000000_000000.jsonl
@@ -1,6 +1,5 @@
-{"id":"bd-history-alpha","title":"Implement resilient sync planner","description":"Planner accepts JSONL exports and rejects invalid merges","status":"closed","priority":1,"issue_type":"feature","created_at":"2026-04-01T00:00:00Z","created_by":"fixture","updated_at":"2026-04-02T00:00:00Z","closed_at":"2026-04-02T00:00:00Z","close_reason":"released in v0.1.1","source_repo":".","labels":["sync","release"],"compaction_level":0,"original_size":0}
-{"id":"bd-history-beta","title":"Fix CLI rendering","description":"Plain output includes all expected columns","status":"open","priority":0,"issue_type":"bug","created_at":"2026-04-01T00:10:00Z","created_by":"fixture","updated_at":"2026-04-02T00:10:00Z","source_repo":".","labels":["cli","regression"],"compaction_level":0,"original_size":0}
-{"id":"bd-history-gamma","title":"Wire dependency graph","description":"Graph now waits for rendering and sync planner","status":"open","priority":2,"issue_type":"task","created_at":"2026-04-01T00:20:00Z","created_by":"fixture","updated_at":"2026-04-02T00:20:00Z","source_repo":".","labels":["graph"],"dependencies":[{"issue_id":"bd-history-gamma","depends_on_id":"bd-history-alpha","type":"blocks","created_at":"2026-04-01T00:20:00Z","created_by":"fixture","metadata":"{}","thread_id":""},{"issue_id":"bd-history-gamma","depends_on_id":"bd-history-beta","type":"related","created_at":"2026-04-02T00:20:00Z","created_by":"fixture","metadata":"{}","thread_id":""}],"compaction_level":0,"original_size":0}
-{"id":"bd-history-notes","title":"Document history diff command","description":"Release notes include diff and restore examples","status":"open","priority":2,"issue_type":"docs","created_at":"2026-04-01T00:30:00Z","created_by":"fixture","updated_at":"2026-04-02T00:30:00Z","source_repo":".","labels":["docs"],"comments":[{"id":1,"issue_id":"bd-history-notes","author":"fixture","text":"Draft the operator-facing example.","created_at":"2026-04-01T00:35:00Z"},{"id":2,"issue_id":"bd-history-notes","author":"reviewer","text":"Add the v0.1.0 to v0.1.1 sample diff.","created_at":"2026-04-02T00:35:00Z"}],"compaction_level":0,"original_size":0}
-{"id":"bd-history-removed","title":"Remove legacy export","description":"Old exporter should be deleted","status":"tombstone","priority":3,"issue_type":"task","created_at":"2026-04-01T00:40:00Z","created_by":"fixture","updated_at":"2026-04-02T00:40:00Z","deleted_at":"2026-04-02T00:40:00Z","deleted_by":"fixture","delete_reason":"replaced by sync planner","original_type":"task","source_repo":".","labels":["cleanup"],"compaction_level":0,"original_size":0}
-{"id":"bd-history-new","title":"Add merge audit output","description":"New issue introduced after v0.1.0","status":"open","priority":1,"issue_type":"task","created_at":"2026-04-02T01:00:00Z","created_by":"fixture","updated_at":"2026-04-02T01:00:00Z","source_repo":".","labels":["audit"],"compaction_level":0,"original_size":0}
+{"id":"bd-history-alpha","title":"Implement sync planner","description":"Initial planner accepts JSONL exports","status":"open","priority":2,"issue_type":"task","created_at":"2026-04-01T00:00:00Z","created_by":"fixture","updated_at":"2026-04-01T00:00:00Z","source_repo":".","labels":["sync"],"compaction_level":0,"original_size":0}
+{"id":"bd-history-beta","title":"Fix CLI rendering","description":"Plain output drops one column","status":"open","priority":1,"issue_type":"bug","created_at":"2026-04-01T00:10:00Z","created_by":"fixture","updated_at":"2026-04-01T00:10:00Z","source_repo":".","labels":["cli"],"compaction_level":0,"original_size":0}
+{"id":"bd-history-gamma","title":"Wire dependency graph","description":"Graph waits for the sync planner","status":"open","priority":2,"issue_type":"task","created_at":"2026-04-01T00:20:00Z","created_by":"fixture","updated_at":"2026-04-01T00:20:00Z","source_repo":".","labels":["graph"],"dependencies":[{"issue_id":"bd-history-gamma","depends_on_id":"bd-history-alpha","type":"blocks","created_at":"2026-04-01T00:20:00Z","created_by":"fixture","metadata":"{}","thread_id":""}],"compaction_level":0,"original_size":0}
+{"id":"bd-history-notes","title":"Document history command","description":"Initial release notes","status":"open","priority":3,"issue_type":"docs","created_at":"2026-04-01T00:30:00Z","created_by":"fixture","updated_at":"2026-04-01T00:30:00Z","source_repo":".","labels":["docs"],"comments":[{"id":1,"issue_id":"bd-history-notes","author":"fixture","text":"Draft the operator-facing example.","created_at":"2026-04-01T00:35:00Z"}],"compaction_level":0,"original_size":0}
+{"id":"bd-history-removed","title":"Remove legacy export","description":"Old exporter should be deleted","status":"open","priority":3,"issue_type":"task","created_at":"2026-04-01T00:40:00Z","created_by":"fixture","updated_at":"2026-04-01T00:40:00Z","source_repo":".","labels":["cleanup"],"compaction_level":0,"original_size":0}
