---
source: tests/snapshots/json_output.rs
expression: normalize_json(&json)
---
[
  {
    "blocked_by": [
      "ISSUE_ID"
    ],
    "blocked_by_count": 1,
    "created_at": "TIMESTAMP",
    "created_by": "ACTOR",
    "id": "ISSUE_ID",
    "issue_type": "task",
    "priority": 2,
    "status": "open",
    "title": "Blocked issue",
    "updated_at": "TIMESTAMP"
  }
]
