---
source: tests/snapshots/json_output.rs
expression: normalize_info_json(&json)
---
{
  "config": {
    "issue_prefix": "bd"
  },
  "database_path": "/WORKSPACE/.beads/beads.db",
  "issue_count": "N",
  "mode": "direct",
  "schema": {
    "tables": [
      "blocked_issues_cache",
      "child_counters",
      "comments",
      "config",
      "dependencies",
      "dirty_issues",
      "events",
      "export_hashes",
      "issues",
      "labels",
      "metadata"
    ]
  }
}
