---
source: tests/snapshots/robot_output.rs
expression: normalized
---
{"generated_at": "TIMESTAMP","data_hash":"f881b6f579c3bbc8","output_format":"json","version":"BV_VERSION","id":"bd-blocker","title":"00 Blocking Root","score": 0.0,"reasons":["🔓 Unblocks 1 item(s): bd-blocked","📊 High centrality in dependency graph (PageRank: 100%)","🕐 No activity in DAYS days - may need review","⚡ Low effort, high impact - good starting point","✅ Currently unclaimed - available for work","🚨 High priority (P0) - prioritize this work"],"unblocks":1,"claim_command":"br update bd-blocker --status=in_progress","show_command":"br show bd-blocker"}
