---
source: tests/golden_rich_panels.rs
expression: width_80
---
╭─────────────────────────────── Project Health ───────────────────────────────╮
│ 📊 Overview                                                                  │
│    Total: 3    Ready: 1 ✓    Blocked: 1 ⚠                                    │
│                                                                              │
│ 📈 By Status                                                                 │
│    Open        ████████████████░░░░░░░░   2 (67%)                            │
│    Blocked     ████████░░░░░░░░░░░░░░░░   1 (33%)                            │
│    Closed      ████████░░░░░░░░░░░░░░░░   1 (33%)                            │
│                                                                              │
│                                                                              │
╰──────────────────────────────────────────────────────────────────────────────╯
